
> nyayasetu@0.1.0 build
> next build

  Γû▓ Next.js 14.2.35
  - Environments: .env.local

   Creating an optimized production build ...
 Γ£ô Compiled successfully
   Linting and checking validity of types ...
node.exe : 
At line:1 char:1
+ & "E:\downloads (files 
repo)/node.exe" "E:\downloads 
(files repo)/nod ...
+ ~~~~~~~~~~~~~~~~~~~~~~~~~~~~~~~~~~
~~~~~~~~~~~~~~~~~~~~~~~~~~~~~~~~~~~
    + CategoryInfo          : NotSp 
   ecified: (:String) [], RemoteEx  
  ception
    + FullyQualifiedErrorId : Nativ 
   eCommandError
 
Failed to compile.

./app/(officer)/officer/complaints/[
id]/page.tsx
344:17  Warning: Using `<img>` 
could result in slower LCP and 
higher bandwidth. Consider using 
`<Image />` from `next/image` to 
automatically optimize images. This 
may incur additional usage or cost 
from your provider. See: https://nex
tjs.org/docs/messages/no-img-element
  @next/next/no-img-element
354:15  Warning: Using `<img>` 
could result in slower LCP and 
higher bandwidth. Consider using 
`<Image />` from `next/image` to 
automatically optimize images. This 
may incur additional usage or cost 
from your provider. See: https://nex
tjs.org/docs/messages/no-img-element
  @next/next/no-img-element

./app/(public)/chat/page.tsx
115:6  Warning: React Hook 
useCallback has a missing 
dependency: 't'. Either include it 
or remove the dependency array.  
react-hooks/exhaustive-deps

./app/(public)/complaints/file/page.
tsx
19:29  Error: 
'CATEGORY_DEPARTMENT_MAP' is 
defined but never used.  
@typescript-eslint/no-unused-vars
148:6  Warning: React Hook 
useCallback has a missing 
dependency: 't'. Either include it 
or remove the dependency array.  
react-hooks/exhaustive-deps

./app/(public)/complaints/track/page
.tsx
40:6  Warning: React Hook 
useCallback has a missing 
dependency: 't'. Either include it 
or remove the dependency array.  
react-hooks/exhaustive-deps

./app/(public)/complaints/track/[uid
]/page.tsx
68:10  Error: 'formatDate' is 
defined but never used.  
@typescript-eslint/no-unused-vars
113:6  Warning: React Hook 
useEffect has a missing dependency: 
't'. Either include it or remove 
the dependency array.  
react-hooks/exhaustive-deps
247:17  Warning: Using `<img>` 
could result in slower LCP and 
higher bandwidth. Consider using 
`<Image />` from `next/image` to 
automatically optimize images. This 
may incur additional usage or cost 
from your provider. See: https://nex
tjs.org/docs/messages/no-img-element
  @next/next/no-img-element

./app/(public)/page.tsx
5:61  Error: 'Clock' is defined but 
never used.  
@typescript-eslint/no-unused-vars
325:35  Error: Unexpected any. 
Specify a different type.  
@typescript-eslint/no-explicit-any

./app/(public)/schemes/[id]/page.tsx
20:7  Error: 'CATEGORY_LABELS' is 
assigned a value but never used.  
@typescript-eslint/no-unused-vars

./app/api/ai/chat/route.ts
3:10  Error: 'supabaseAdmin' is 
defined but never used.  
@typescript-eslint/no-unused-vars
20:23  Error: 'language' is 
assigned a value but never used.  
@typescript-eslint/no-unused-vars

./app/api/auth/login/route.ts
34:28  Error: '_' is assigned a 
value but never used.  
@typescript-eslint/no-unused-vars

./app/api/auth/me/route.ts
19:28  Error: '_' is assigned a 
value but never used.  
@typescript-eslint/no-unused-vars

./components/complaints/CitizenFeedb
ack.tsx
54:6  Warning: React Hook 
useCallback has a missing 
dependency: 't'. Either include it 
or remove the dependency array.  
react-hooks/exhaustive-deps

./components/complaints/StatusTimeli
ne.tsx
42:11  Error: 'language' is 
assigned a value but never used.  
@typescript-eslint/no-unused-vars

./components/schemes/SchemeCard.tsx
25:7  Error: 'CATEGORY_LABELS' is 
assigned a value but never used.  
@typescript-eslint/no-unused-vars

./lib/otp.ts
178:12  Error: 'err' is defined but 
never used.  
@typescript-eslint/no-unused-vars

info  - Need to disable some ESLint 
rules? Learn more here: https://next
js.org/docs/basic-features/eslint#di
sabling-rules
